Checking for deprecated package usage... OK
Checking for remote package usage... OK
Checking for 'LazyData: true' usage... OK
Checking version number... OK
Checking version number validity... OK
Checking R version dependency... OK
Checking package size... OK
Checking individual file sizes... OK
Checking biocViews... OK
Checking that biocViews are present... OK
Checking package type based on biocViews... OK
Checking for non-trivial biocViews... OK
Checking that biocViews come from the same category... OK
Checking biocViews validity... OK
Checking for recommended biocViews... OK
Checking build system compatibility... OK
Checking for proper Description: field... OK
Checking if DESCRIPTION is well formatted... OK
Checking for whitespace in DESCRIPTION field names... OK
Checking that Package field matches directory/tarball name... OK
Checking for Version: field... OK
Checking for valid maintainer... OK
Checking License: for restrictive use... OK
Checking for recommended DESCRIPTION fields... OK
Checking for Bioconductor software dependencies... OK
Checking for pinned package versions in DESCRIPTION... OK
Checking for 'fnd' role in Authors@R...
No 'fnd' role found in Authors@R. If the work is supported
        by a grant, consider adding the 'fnd' role to the list of authors.
Checking NAMESPACE... OK
Checking .Rbuildignore... OK
Checking for stray BiocCheck output folders... OK
Checking for inst/doc folders... OK
Checking vignette directory... OK
Checking package installation calls in R code... OK
Checking for library/require of scCertify... OK
Checking coding practice... OK
Checking parsed R code in R directory, examples, vignettes... OK
Checking function lengths...
The recommended function length is 50 lines or less. There are 6 functions greater than 50 lines.
The longest 5 functions are:
marker_score_core() (R/marker_score_core.R): 133 lines
cell_certify() (R/cell_certify.R): 123 lines
explain_cell() (R/explain_cell.R): 120 lines
neighbor_score_core() (R/neighbor_score_core.R): 100 lines
explain_confidence() (R/explain_confidence.R):  78 lines
Checking man page documentation... OK
Checking package NEWS... OK
Checking unit tests... OK
Checking skip_on_bioc() in tests... OK
Checking formatting of DESCRIPTION, NAMESPACE, man pages, R source, and vignette source...
Consider shorter lines; 3 lines (0%) are > 80 characters long.
First few lines:
R/scCertify-package.R#L39 #'   \item \code{\link{explain_cell}} su ...
R/scCertify-package.R#L40 #'   \item \code{\link{explain_confidenc ...
vignettes/scCertify-workflow.Rmd#L11     %\VignetteIndexEntry{scCertify: Expl ...
Consider multiples of 4 spaces for line indents; 347 lines (22%) are not.
First few lines:
R/calibrate_confidence.R#L24   scores ...
R/calibrate_confidence.R#L26   ranks <- rank( ...
R/calibrate_confidence.R#L29   ) ...
R/calibrate_confidence.R#L31   calibrated <- ranks / ...
R/calibrate_confidence.R#L34   return(calibrated) ...
R/cell_certify.R#L62   object, ...
R/cell_certify.R#L63   markers, ...
R/cell_certify.R#L64   label_column = "predicted_label", ...
R/cell_certify.R#L65   moderate_threshold = 0.5, ...
R/cell_certify.R#L66   high_threshold = 0.8 ...
R/cell_certify.R#L68   if (inherits(object, "Seurat")) { ...
R/cell_certify.R#L70   } else if (inherits(object, "SingleCel ...
R/cell_certify.R#L72       SummarizedExperiment::colData(obje ...
R/cell_certify.R#L74   } else { ...
R/cell_certify.R#L76       "'object' must be a Seurat or Sing ...
R/cell_certify.R#L77       call. = FALSE ...
R/cell_certify.R#L79   } ...
R/cell_certify.R#L81   if (!label_column %in% colnames(metada ...
R/cell_certify.R#L83       sprintf( ...
R/cell_certify.R#L86       ), ...
R/cell_certify.R#L87       call. = FALSE ...
R/cell_certify.R#L89   } ...
R/cell_certify.R#L91   if (!"entropy_norm" %in% colnames(meta ...
R/cell_certify.R#L93       "'entropy_norm' not found. Using z ...
R/cell_certify.R#L94       call. = FALSE ...
R/cell_certify.R#L98   } ...
R/cell_certify.R#L100   if (!"doublet_score" %in% colnames(met ...
R/cell_certify.R#L102       "'doublet_score' not found. Using  ...
R/cell_certify.R#L103       call. = FALSE ...
R/cell_certify.R#L107   } ...
R/cell_certify.R#L109   if (inherits(object, "Seurat")) { ...
R/cell_certify.R#L112   } else { ...
R/cell_certify.R#L114       metadata$entropy_norm ...
R/cell_certify.R#L117       metadata$doublet_score ...
R/cell_certify.R#L118   } ...
R/cell_certify.R#L120   marker_scores <- marker_score( ...
R/cell_certify.R#L124   ) ...
R/cell_certify.R#L126   neighbor_scores <- neighbor_score( ...
R/cell_certify.R#L129   ) ...
R/cell_certify.R#L131   entropy_component <- 1 - metadata$entr ...
R/cell_certify.R#L133   confidence <- ...
R/cell_certify.R#L139   confidence <- as.numeric( ...
R/cell_certify.R#L141   ) ...
R/cell_certify.R#L143   confidence <- ( ...
R/cell_certify.R#L145       min(confidence, na.rm = TRUE) ...
R/cell_certify.R#L146   ) / ( ...
R/cell_certify.R#L148       min(confidence, na.rm = TRUE) ...
R/cell_certify.R#L149   ) ...
R/cell_certify.R#L151   confidence_score <- ...
R/cell_certify.R#L153       confidence ...
R/cell_certify.R#L156   confidence_class <- ...
R/cell_certify.R#L158       confidence_score, ...
R/cell_certify.R#L159       moderate_threshold = moderate_thre ...
R/cell_certify.R#L160       high_threshold = high_threshold ...
R/cell_certify.R#L163   if (inherits(object, "Seurat")) { ...
R/cell_certify.R#L168   } else { ...
R/cell_certify.R#L170       marker_scores ...
R/cell_certify.R#L173       neighbor_scores ...
R/cell_certify.R#L176       confidence_score ...
R/cell_certify.R#L179       confidence_class ...
R/cell_certify.R#L180   } ...
R/cell_certify.R#L182   object ...
R/classify_confidence.R#L34   scores, ...
R/classify_confidence.R#L35   moderate_threshold = 0.5, ...
R/classify_confidence.R#L36   high_threshold = 0.8 ...
R/classify_confidence.R#L38   if (!is.numeric(scores)) { ...
R/classify_confidence.R#L40       "'scores' must be numeric.", ...
R/classify_confidence.R#L41       call. = FALSE ...
R/classify_confidence.R#L43   } ...
R/classify_confidence.R#L45   if (moderate_threshold >= high_thresho ...
R/classify_confidence.R#L47       "'moderate_threshold' must be smal ...
R/classify_confidence.R#L48       call. = FALSE ...
R/classify_confidence.R#L50   } ...
R/classify_confidence.R#L52   classes <- ifelse( ...
R/classify_confidence.R#L56       scores >= moderate_threshold, ...
R/classify_confidence.R#L57       "Moderate", ...
R/classify_confidence.R#L58       "Low" ...
R/classify_confidence.R#L60   ) ...
R/classify_confidence.R#L62   classes ...
R/entropy_score.R#L23   entropy_values <- apply( ...
R/entropy_score.R#L27       probs <- x / sum(x) ...
R/entropy_score.R#L29       probs <- probs[probs > 0] ...
R/entropy_score.R#L31       ent <- entropy::entropy(probs) ...
R/entropy_score.R#L33       return(ent) ...
R/entropy_score.R#L35   ) ...
R/entropy_score.R#L37   return(entropy_values) ...
R/explain_cell.R#L53   object, ...
R/explain_cell.R#L54   cell_id ...
R/explain_cell.R#L56   if (inherits(object, "Seurat")) { ...
R/explain_cell.R#L58   } else if (inherits(object, "SingleCel ...
R/explain_cell.R#L60       SummarizedExperiment::colData(obje ...
R/explain_cell.R#L62   } else { ...
R/explain_cell.R#L64       "'object' must be a Seurat or Sing ...
R/explain_cell.R#L65       call. = FALSE ...
R/explain_cell.R#L67   } ...
R/explain_cell.R#L69   if (!cell_id %in% rownames(meta)) { ...
R/explain_cell.R#L71       sprintf( ...
R/explain_cell.R#L74       ), ...
R/explain_cell.R#L75       call. = FALSE ...
R/explain_cell.R#L77   } ...
R/explain_cell.R#L79   meta <- meta[ ...
R/explain_cell.R#L82   ] ...
R/explain_cell.R#L84   message("Cell: ", cell_id, "\n") ...
R/explain_cell.R#L86   message( ...
R/explain_cell.R#L89   ) ...
R/explain_cell.R#L91   message( ...
R/explain_cell.R#L94       meta$confidence_score, ...
R/explain_cell.R#L95       3 ...
R/explain_cell.R#L97   ) ...
R/explain_cell.R#L99   message( ...
R/explain_cell.R#L102       meta$marker_score, ...
R/explain_cell.R#L103       3 ...
R/explain_cell.R#L105   ) ...
R/explain_cell.R#L107   message( ...
R/explain_cell.R#L110       meta$neighbor_score, ...
R/explain_cell.R#L111       3 ...
R/explain_cell.R#L113   ) ...
R/explain_cell.R#L115   message( ...
R/explain_cell.R#L118       meta$entropy_norm, ...
R/explain_cell.R#L119       3 ...
R/explain_cell.R#L122   ) ...
R/explain_cell.R#L124   interpretation <- character() ...
R/explain_cell.R#L126   if (meta$confidence_score < 0.4) { ...
R/explain_cell.R#L128       interpretation, ...
R/explain_cell.R#L129       "Low confidence annotation" ...
R/explain_cell.R#L131   } else if (meta$confidence_score < 0.7 ...
R/explain_cell.R#L133       interpretation, ...
R/explain_cell.R#L134       "Moderate confidence annotation" ...
R/explain_cell.R#L136   } else { ...
R/explain_cell.R#L138       interpretation, ...
R/explain_cell.R#L139       "High confidence annotation" ...
R/explain_cell.R#L141   } ...
R/explain_cell.R#L143   if (meta$entropy_norm > 0.7) { ...
R/explain_cell.R#L145       interpretation, ...
R/explain_cell.R#L146       "High uncertainty detected" ...
R/explain_cell.R#L148   } ...
R/explain_cell.R#L150   if (meta$neighbor_score < 0.5) { ...
R/explain_cell.R#L152       interpretation, ...
R/explain_cell.R#L153       "Local neighborhood disagreement" ...
R/explain_cell.R#L155   } ...
R/explain_cell.R#L157   if (meta$marker_score < 0.2) { ...
R/explain_cell.R#L159       interpretation, ...
R/explain_cell.R#L160       "Weak marker support" ...
R/explain_cell.R#L162   } ...
R/explain_cell.R#L164   message("Interpretation:") ...
R/explain_cell.R#L166   for (msg in interpretation) { ...
R/explain_cell.R#L168   } ...
R/explain_cell.R#L170   interpretation ...
R/explain_confidence.R#L54   object, ...
R/explain_confidence.R#L55   cell_id ...
R/explain_confidence.R#L57   if (inherits(object, "Seurat")) { ...
R/explain_confidence.R#L59   } else if (inherits(object, "SingleCel ...
R/explain_confidence.R#L61       SummarizedExperiment::colData(obje ...
R/explain_confidence.R#L63   } else { ...
R/explain_confidence.R#L65       "'object' must be a Seurat or Sing ...
R/explain_confidence.R#L66       call. = FALSE ...
R/explain_confidence.R#L68   } ...
R/explain_confidence.R#L70   if (!cell_id %in% rownames(meta)) { ...
R/explain_confidence.R#L72       sprintf( ...
R/explain_confidence.R#L75       ), ...
R/explain_confidence.R#L76       call. = FALSE ...
R/explain_confidence.R#L78   } ...
R/explain_confidence.R#L80   meta <- meta[ ...
R/explain_confidence.R#L83   ] ...
R/explain_confidence.R#L85   reasons <- character() ...
R/explain_confidence.R#L87   ## Marker contribution ...
R/explain_confidence.R#L88   if (meta$marker_score < 0.3) { ...
R/explain_confidence.R#L90       reasons, ...
R/explain_confidence.R#L91       "Weak marker enrichment" ...
R/explain_confidence.R#L93   } ...
R/explain_confidence.R#L95   ## Neighborhood agreement ...
R/explain_confidence.R#L96   if (meta$neighbor_score < 0.5) { ...
R/explain_confidence.R#L98       reasons, ...
R/explain_confidence.R#L99       "Neighborhood disagreement" ...
R/explain_confidence.R#L101   } ...
R/explain_confidence.R#L103   ## Entropy ...
R/explain_confidence.R#L104   if (meta$entropy_norm > 0.7) { ...
R/explain_confidence.R#L106       reasons, ...
R/explain_confidence.R#L107       "High annotation uncertainty" ...
R/explain_confidence.R#L109   } ...
R/explain_confidence.R#L111   ## Doublet score ...
R/explain_confidence.R#L112   if ("doublet_score" %in% colnames(meta ...
R/explain_confidence.R#L114       reasons <- c( ...
R/explain_confidence.R#L117       ) ...
R/explain_confidence.R#L119   } ...
R/explain_confidence.R#L121   ## High confidence ...
R/explain_confidence.R#L122   if (length(reasons) == 0) { ...
R/explain_confidence.R#L124       reasons, ...
R/explain_confidence.R#L125       "Strong annotation support" ...
R/explain_confidence.R#L127   } ...
R/explain_confidence.R#L129   reasons ...
R/marker_score.R#L50   object, ...
R/marker_score.R#L51   markers, ...
R/marker_score.R#L52   label_column = "predicted_label" ...
R/marker_score.R#L54   if (inherits(object, "Seurat")) { ...
R/marker_score.R#L56       marker_score_core( ...
R/marker_score.R#L61       ) ...
R/marker_score.R#L63   } ...
R/marker_score.R#L65   if (inherits(object, "SingleCellExperi ...
R/marker_score.R#L67       marker_score_core( ...
R/marker_score.R#L72       ) ...
R/marker_score.R#L74   } ...
R/marker_score.R#L76   stop( ...
R/marker_score.R#L79   ) ...
R/marker_score_core.R#L2   object, ...
R/marker_score_core.R#L3   markers, ...
R/marker_score_core.R#L4   label_column, ...
R/marker_score_core.R#L5   object_type ...
R/marker_score_core.R#L7   if (object_type == "Seurat") { ...
R/marker_score_core.R#L9   } else { ...
R/marker_score_core.R#L11       SummarizedExperiment::colData(obje ...
R/marker_score_core.R#L13   } ...
R/marker_score_core.R#L15   if (!label_column %in% colnames(metada ...
R/marker_score_core.R#L17       sprintf( ...
R/marker_score_core.R#L20       ), ...
R/marker_score_core.R#L21       call. = FALSE ...
R/marker_score_core.R#L23   } ...
R/marker_score_core.R#L25   labels <- metadata[[label_column]] ...
R/marker_score_core.R#L27   scores <- numeric(length(labels)) ...
R/marker_score_core.R#L29   gene_names <- rownames(object) ...
R/marker_score_core.R#L31   for (label in unique(labels)) { ...
R/marker_score_core.R#L33       label, ...
R/marker_score_core.R#L34       names(markers) ...
R/marker_score_core.R#L38       warning( ...
R/marker_score_core.R#L40           "No ontology match for: %s", ...
R/marker_score_core.R#L41           label ...
R/marker_score_core.R#L44       ) ...
R/marker_score_core.R#L46       next ...
R/marker_score_core.R#L52       genes %in% gene_names ...
R/marker_score_core.R#L56       warning( ...
R/marker_score_core.R#L58           "No marker genes found for: %s ...
R/marker_score_core.R#L59           matched_label ...
R/marker_score_core.R#L62       ) ...
R/marker_score_core.R#L64       next ...
R/marker_score_core.R#L68       matched_label, ...
R/marker_score_core.R#L69       "_Signature" ...
R/marker_score_core.R#L76       object <- UCell::AddModuleScore_UC ...
R/marker_score_core.R#L80       ) ...
R/marker_score_core.R#L82       metadata <- object@meta.data ...
R/marker_score_core.R#L84       score_column <- paste0( ...
R/marker_score_core.R#L87       ) ...
R/marker_score_core.R#L89       idx <- which(labels == label) ...
R/marker_score_core.R#L91       scores[idx] <- metadata[ ...
R/marker_score_core.R#L94       ] ...
R/marker_score_core.R#L96       object <- UCell::ScoreSignatures_U ...
R/marker_score_core.R#L101       ) ...
R/marker_score_core.R#L103       ucell <- SingleCellExperiment::alt ...
R/marker_score_core.R#L106       ) ...
R/marker_score_core.R#L108       u_scores <- ...
R/marker_score_core.R#L110           ucell, ...
R/marker_score_core.R#L111           "UCell" ...
R/marker_score_core.R#L114       score_row <- paste0( ...
R/marker_score_core.R#L117       ) ...
R/marker_score_core.R#L119       idx <- which(labels == label) ...
R/marker_score_core.R#L121       if (score_row %in% rownames(u_scor ...
R/marker_score_core.R#L123           u_scores[ ...
R/marker_score_core.R#L126           ] ...
R/marker_score_core.R#L128       } ...
R/marker_score_core.R#L130   } ...
R/marker_score_core.R#L132   scores ...
R/match_labels.R#L23   label, ...
R/match_labels.R#L24   marker_names ...
R/match_labels.R#L26   label_clean <- tolower(label) ...
R/match_labels.R#L28   label_clean <- gsub( ...
R/match_labels.R#L32   ) ...
R/match_labels.R#L34   label_clean <- gsub( ...
R/match_labels.R#L38   ) ...
R/match_labels.R#L40   marker_clean <- tolower( ...
R/match_labels.R#L42   ) ...
R/match_labels.R#L44   marker_clean <- gsub( ...
R/match_labels.R#L48   ) ...
R/match_labels.R#L50   marker_clean <- gsub( ...
R/match_labels.R#L54   ) ...
R/match_labels.R#L56   exact_match <- marker_names[ ...
R/match_labels.R#L58       label_clean ...
R/match_labels.R#L59   ] ...
R/match_labels.R#L61   if (length(exact_match) > 0) { ...
R/match_labels.R#L63   } ...
R/match_labels.R#L65   partial_match <- marker_names[ ...
R/match_labels.R#L67       label_clean, ...
R/match_labels.R#L68       marker_clean ...
R/match_labels.R#L71       grepl( ...
R/match_labels.R#L74       ) ...
R/match_labels.R#L75   ] ...
R/match_labels.R#L77   if (length(partial_match) > 0) { ...
R/match_labels.R#L79   } ...
R/match_labels.R#L81   return(NA) ...
R/neighbor_score.R#L47   object, ...
R/neighbor_score.R#L48   reduction = "pca", ...
R/neighbor_score.R#L49   dims = NULL, ...
R/neighbor_score.R#L50   k = 10, ...
R/neighbor_score.R#L51   label_column = "predicted_label" ...
R/neighbor_score.R#L53   if (inherits(object, "Seurat")) { ...
R/neighbor_score.R#L55       neighbor_score_core( ...
R/neighbor_score.R#L62       ) ...
R/neighbor_score.R#L64   } ...
R/neighbor_score.R#L66   if (inherits(object, "SingleCellExperi ...
R/neighbor_score.R#L68       neighbor_score_core( ...
R/neighbor_score.R#L75       ) ...
R/neighbor_score.R#L77   } ...
R/neighbor_score.R#L79   stop( ...
R/neighbor_score.R#L82   ) ...
R/neighbor_score_core.R#L2   object, ...
R/neighbor_score_core.R#L3   reduction, ...
R/neighbor_score_core.R#L4   dims, ...
R/neighbor_score_core.R#L5   k, ...
R/neighbor_score_core.R#L6   label_column, ...
R/neighbor_score_core.R#L7   object_type ...
R/neighbor_score_core.R#L9   if (object_type == "Seurat") { ...
R/neighbor_score_core.R#L11       object, ...
R/neighbor_score_core.R#L12       reduction = reduction ...
R/neighbor_score_core.R#L16   } else { ...
R/neighbor_score_core.R#L18       object ...
R/neighbor_score_core.R#L22       tolower(reduction), ...
R/neighbor_score_core.R#L23       tolower(rd_names) ...
R/neighbor_score_core.R#L27       stop( ...
R/neighbor_score_core.R#L29           "Reduction '%s' not found.", ...
R/neighbor_score_core.R#L30           reduction ...
R/neighbor_score_core.R#L33       ) ...
R/neighbor_score_core.R#L37       object, ...
R/neighbor_score_core.R#L38       rd_names[match_idx] ...
R/neighbor_score_core.R#L42       SummarizedExperiment::colData( ...
R/neighbor_score_core.R#L44       ) ...
R/neighbor_score_core.R#L46   } ...
R/neighbor_score_core.R#L48   if (!label_column %in% colnames(metada ...
R/neighbor_score_core.R#L50       sprintf( ...
R/neighbor_score_core.R#L53       ), ...
R/neighbor_score_core.R#L54       call. = FALSE ...
R/neighbor_score_core.R#L56   } ...
R/neighbor_score_core.R#L58   if (is.null(dims)) { ...
R/neighbor_score_core.R#L60       min( ...
R/neighbor_score_core.R#L63       ) ...
R/neighbor_score_core.R#L65   } ...
R/neighbor_score_core.R#L67   embeddings <- embeddings[ ...
R/neighbor_score_core.R#L71   ] ...
R/neighbor_score_core.R#L73   k <- min( ...
R/neighbor_score_core.R#L76   ) ...
R/neighbor_score_core.R#L78   nn <- FNN::get.knn( ...
R/neighbor_score_core.R#L81   ) ...
R/neighbor_score_core.R#L83   labels <- metadata[[label_column]] ...
R/neighbor_score_core.R#L85   scores <- numeric( ...
R/neighbor_score_core.R#L87   ) ...
R/neighbor_score_core.R#L89   for (i in seq_along(labels)) { ...
R/neighbor_score_core.R#L91       nn$nn.index[i, ] ...
R/neighbor_score_core.R#L95       neighbor_labels == labels[i] ...
R/neighbor_score_core.R#L97   } ...
R/neighbor_score_core.R#L99   scores ...
Checking if package already exists in CRAN... OK
Checking for bioc-devel mailing list subscription...
Cannot determine whether maintainer is subscribed to the Bioc-Devel mailing list (requires admin credentials). Subscribe here: https://stat.ethz.ch/mailman/listinfo/bioc-devel
Checking for support site registration... OK
